Copyright 1986-2014 Xilinx, Inc. All Rights Reserved.
------------------------------------------------------------------------------------
| Tool Version : Vivado v.2014.4 (win64) Build 1071353 Tue Nov 18 18:24:04 MST 2014
| Date         : Fri Dec 29 21:11:54 2023
| Host         : DESKTOP-1LQGH74 running 64-bit major release  (build 9200)
| Command      : report_clock_utilization -file top_clock_utilization_placed.rpt
| Design       : top
| Device       : xc7z020
------------------------------------------------------------------------------------

Clock Utilization Report

Table of Contents
-----------------
1. Clock Primitive Utilization
2. Details of Global Clocks
3. Details of Regional Clocks
4. Details of Multi-Regional Clocks
5. Details of I/O Clocks
6. Details of Local Clocks
7. Clock Regions : Key Resource Utilization
8. Net wise resources used in clock region X0Y0
9. Net wise resources used in clock region X1Y0
10. Net wise resources used in clock region X1Y1

1. Clock Primitive Utilization
------------------------------

+-------+------+-----------+-----------+
| Type  | Used | Available | Num Fixed |
+-------+------+-----------+-----------+
| BUFG  |    6 |        32 |         0 |
| BUFH  |    0 |        72 |         0 |
| BUFIO |    0 |        16 |         0 |
| MMCM  |    1 |         4 |         0 |
| PLL   |    0 |         4 |         0 |
| BUFR  |    0 |        16 |         0 |
| BUFMR |    0 |         8 |         0 |
+-------+------+-----------+-----------+


2. Details of Global Clocks
---------------------------

+-------+-----------------------------------------+-----------------------------------------------------------+--------------+-------+---------------+-----------+
|       |                                         |                                                           |   Num Loads  |       |               |           |
+-------+-----------------------------------------+-----------------------------------------------------------+------+-------+-------+---------------+-----------+
| Index | BUFG Cell                               | Net Name                                                  | BELs | Sites | Fixed | MaxDelay (ns) | Skew (ns) |
+-------+-----------------------------------------+-----------------------------------------------------------+------+-------+-------+---------------+-----------+
|     1 | music/recoder/uclk_wiz/inst/clkf_buf    | music/recoder/uclk_wiz/inst/clkfbout_buf_clk_wiz_0        |    1 |     1 |    no |         1.878 |     0.094 |
|     2 | AC_PBLRC_OBUF_inst_i_2                  | recoder/i2c_top_inst/audio_codec_inst/lrck_divider_reg[7] |    1 |     1 |    no |         2.045 |     0.102 |
|     3 | music/recoder/uclk_wiz/inst/clkout3_buf | music/recoder/uclk_wiz/inst/clk_out3                      |   38 |    12 |    no |         1.954 |     0.198 |
|     4 | music/recoder/uclk_wiz/inst/clkout1_buf | music/recoder/uclk_wiz/inst/clk_out1                      |   49 |    18 |    no |         2.018 |     0.159 |
|     5 | music/recoder/uclk_wiz/inst/clkout2_buf | music/recoder/uclk_wiz/inst/clk_out2                      |   59 |    25 |    no |         3.010 |     1.249 |
|     6 | clk_BUFG_inst                           | clk_BUFG                                                  |  439 |   148 |    no |         1.994 |     0.248 |
+-------+-----------------------------------------+-----------------------------------------------------------+------+-------+-------+---------------+-----------+


+-------+-------------------------------------------+------------------------------------------------+--------------+-------+---------------+-----------+
|       |                                           |                                                |   Num Loads  |       |               |           |
+-------+-------------------------------------------+------------------------------------------------+------+-------+-------+---------------+-----------+
| Index | MMCM Cell                                 | Net Name                                       | BELs | Sites | Fixed | MaxDelay (ns) | Skew (ns) |
+-------+-------------------------------------------+------------------------------------------------+------+-------+-------+---------------+-----------+
|     1 | music/recoder/uclk_wiz/inst/mmcm_adv_inst | music/recoder/uclk_wiz/inst/clk_out1_clk_wiz_0 |    1 |     1 |    no |         1.889 |     0.094 |
|     2 | music/recoder/uclk_wiz/inst/mmcm_adv_inst | music/recoder/uclk_wiz/inst/clk_out2_clk_wiz_0 |    1 |     1 |    no |         1.889 |     0.094 |
|     3 | music/recoder/uclk_wiz/inst/mmcm_adv_inst | music/recoder/uclk_wiz/inst/clk_out3_clk_wiz_0 |    1 |     1 |    no |         1.889 |     0.094 |
|     4 | music/recoder/uclk_wiz/inst/mmcm_adv_inst | music/recoder/uclk_wiz/inst/clkfbout_clk_wiz_0 |    1 |     1 |    no |         1.889 |     0.094 |
+-------+-------------------------------------------+------------------------------------------------+------+-------+-------+---------------+-----------+


3. Details of Regional Clocks
-----------------------------

4. Details of Multi-Regional Clocks
-----------------------------------

5. Details of I/O Clocks
------------------------

6. Details of Local Clocks
--------------------------

+-------+-------------------------+----------------------------+--------------+-------+---------------+-----------+
|       |                         |                            |   Num Loads  |       |               |           |
+-------+-------------------------+----------------------------+------+-------+-------+---------------+-----------+
| Index | Local Clk Src           | Net Name                   | BELs | Sites | Fixed | MaxDelay (ns) | Skew (ns) |
+-------+-------------------------+----------------------------+------+-------+-------+---------------+-----------+
|     1 | divfreq_1Hz/clk_1hz_reg | divfreq_1Hz/clk_1hz        |    3 |     1 |    no |         0.776 |     0.061 |
|     2 | display/led_reg[4]_i_2  | display/n_0_led_reg[4]_i_2 |    5 |     3 |    no |         1.165 |     0.369 |
|     3 | display/sel_reg[3]_i_2  | display/n_0_sel_reg[3]_i_2 |    8 |     3 |    no |         3.616 |     1.171 |
+-------+-------------------------+----------------------------+------+-------+-------+---------------+-----------+


7. Clock Regions : Key Resource Utilization
-------------------------------------------

+-------------------+--------------+--------------+--------------+--------------+--------------+--------------+--------------+--------------+--------------+--------------+--------------+--------------+--------------+--------------+--------------+
|                   | Global Clock |     BUFRs    |    BUFMRs    |    BUFIOs    |     MMCM     |      PLL     |      GT      |      PCI     |    ILOGIC    |    OLOGIC    |      FF      |     LUTM     |    RAMB18    |    RAMB36    |    DSP48E1   |
+-------------------+------+-------+------+-------+------+-------+------+-------+------+-------+------+-------+------+-------+------+-------+------+-------+------+-------+------+-------+------+-------+------+-------+------+-------+------+-------+
| Clock Region Name | Used | Avail | Used | Avail | Used | Avail | Used | Avail | Used | Avail | Used | Avail | Used | Avail | Used | Avail | Used | Avail | Used | Avail | Used | Avail | Used | Avail | Used | Avail | Used | Avail | Used | Avail |
+-------------------+------+-------+------+-------+------+-------+------+-------+------+-------+------+-------+------+-------+------+-------+------+-------+------+-------+------+-------+------+-------+------+-------+------+-------+------+-------+
| X0Y0              |    3 |    12 |    0 |     4 |    0 |     2 |    0 |     4 |    0 |     1 |    0 |     1 |    0 |     0 |    0 |     0 |    0 |    50 |    0 |    50 |  542 | 20000 |    0 |  4000 |    0 |    60 |    0 |    30 |    4 |    60 |
| X1Y0              |    2 |    12 |    0 |     4 |    0 |     2 |    0 |     4 |    1 |     1 |    0 |     1 |    0 |     0 |    0 |     0 |    0 |    50 |    0 |    50 |    0 | 25600 |    0 |  3400 |    0 |    60 |    0 |    30 |    0 |    40 |
| X0Y1              |    0 |    12 |    0 |     0 |    0 |     0 |    0 |     0 |    0 |     0 |    0 |     0 |    0 |     0 |    0 |     0 |    0 |     0 |    0 |     0 |    0 |  9600 |    0 |  1600 |    0 |    20 |    0 |    10 |    0 |    20 |
| X1Y1              |    2 |    12 |    0 |     4 |    0 |     2 |    0 |     4 |    0 |     1 |    0 |     1 |    0 |     0 |    0 |     0 |    0 |    50 |    0 |    50 |   57 | 20800 |    0 |  3400 |    0 |    60 |    0 |    30 |    0 |    40 |
| X0Y2              |    0 |    12 |    0 |     0 |    0 |     0 |    0 |     0 |    0 |     0 |    0 |     0 |    0 |     0 |    0 |     0 |    0 |     0 |    0 |     0 |    0 |  9600 |    0 |  1600 |    0 |    20 |    0 |    10 |    0 |    20 |
| X1Y2              |    0 |    12 |    0 |     4 |    0 |     2 |    0 |     4 |    0 |     1 |    0 |     1 |    0 |     0 |    0 |     0 |    0 |    50 |    0 |    50 |    0 | 20800 |    0 |  3400 |    0 |    60 |    0 |    30 |    0 |    40 |
+-------------------+------+-------+------+-------+------+-------+------+-------+------+-------+------+-------+------+-------+------+-------+------+-------+------+-------+------+-------+------+-------+------+-------+------+-------+------+-------+
* RAMB36 site can be used as two RAMB18/FIFO18 sites


8. Net wise resources used in clock region X0Y0
-----------------------------------------------

+-------------+-------------+-------+-----------+----------+---------+-----------+---------+---------+-----+-------+----------+--------------------------------------+
| Source Type | BUFHCE Site | Fixed | MMCM Pins | PLL Pins | GT Pins | BRAM Pins | ILOGICs | OLOGICs | FFs | LUTMs | DSP48E1s |            Clock Net Name            |
+-------------+-------------+-------+-----------+----------+---------+-----------+---------+---------+-----+-------+----------+--------------------------------------+
| BUFG        |     ---     |   no  |         0 |        0 |       0 |         0 |       0 |       0 |  38 |     0 |        0 | music/recoder/uclk_wiz/inst/clk_out3 |
| BUFG        |     ---     |   no  |         0 |        0 |       0 |         0 |       0 |       0 |  58 |     0 |        0 | music/recoder/uclk_wiz/inst/clk_out2 |
| BUFG        |     ---     |   no  |         0 |        0 |       0 |         0 |       0 |       0 | 438 |     0 |        0 | clk_BUFG                             |
+-------------+-------------+-------+-----------+----------+---------+-----------+---------+---------+-----+-------+----------+--------------------------------------+


9. Net wise resources used in clock region X1Y0
-----------------------------------------------

+-------------+-------------+-------+-----------+----------+---------+-----------+---------+---------+-----+-------+----------+----------------------------------------------------+
| Source Type | BUFHCE Site | Fixed | MMCM Pins | PLL Pins | GT Pins | BRAM Pins | ILOGICs | OLOGICs | FFs | LUTMs | DSP48E1s |                   Clock Net Name                   |
+-------------+-------------+-------+-----------+----------+---------+-----------+---------+---------+-----+-------+----------+----------------------------------------------------+
| BUFG        |     ---     |   no  |         1 |        0 |       0 |         0 |       0 |       0 |   0 |     0 |        0 | clk_BUFG                                           |
| BUFG        |     ---     |   no  |         1 |        0 |       0 |         0 |       0 |       0 |   0 |     0 |        0 | music/recoder/uclk_wiz/inst/clkfbout_buf_clk_wiz_0 |
+-------------+-------------+-------+-----------+----------+---------+-----------+---------+---------+-----+-------+----------+----------------------------------------------------+


10. Net wise resources used in clock region X1Y1
------------------------------------------------

+-------------+-------------+-------+-----------+----------+---------+-----------+---------+---------+-----+-------+----------+--------------------------------------+
| Source Type | BUFHCE Site | Fixed | MMCM Pins | PLL Pins | GT Pins | BRAM Pins | ILOGICs | OLOGICs | FFs | LUTMs | DSP48E1s |            Clock Net Name            |
+-------------+-------------+-------+-----------+----------+---------+-----------+---------+---------+-----+-------+----------+--------------------------------------+
| BUFG        |     ---     |   no  |         0 |        0 |       0 |         0 |       0 |       0 |  49 |     0 |        0 | music/recoder/uclk_wiz/inst/clk_out1 |
+-------------+-------------+-------+-----------+----------+---------+-----------+---------+---------+-----+-------+----------+--------------------------------------+



# Location of BUFG Primitives 
set_property LOC BUFGCTRL_X0Y16 [get_cells clk_BUFG_inst]
set_property LOC BUFGCTRL_X0Y1 [get_cells music/recoder/uclk_wiz/inst/clkout1_buf]
set_property LOC BUFGCTRL_X0Y0 [get_cells music/recoder/uclk_wiz/inst/clkout2_buf]
set_property LOC BUFGCTRL_X0Y2 [get_cells music/recoder/uclk_wiz/inst/clkout3_buf]
set_property LOC BUFGCTRL_X0Y4 [get_cells music/recoder/uclk_wiz/inst/clkf_buf]
set_property LOC BUFGCTRL_X0Y3 [get_cells AC_PBLRC_OBUF_inst_i_2]

# Location of IO Clock Primitives

# Location of MMCM Clock Primitives
set_property LOC MMCME2_ADV_X1Y0 [get_cells music/recoder/uclk_wiz/inst/mmcm_adv_inst]

# Location of BUFH Clock Primitives

# Location of BUFR Clock Primitives

# Location of BUFMR Clock Primitives

# Location of PLL Clock Primitives

# Location of IO Primitives which is load of clock spine
set_property LOC IOB_X1Y79 [get_cells AC_MCLK_OBUF_inst]

# Location of clock ports
set_property LOC IOB_X1Y76 [get_ports clk]

# Clock net "clk_BUFG" driven by instance "clk_BUFG_inst" located at site "BUFGCTRL_X0Y16"
#startgroup
create_pblock CLKAG_clk_BUFG
add_cells_to_pblock [get_pblocks  CLKAG_clk_BUFG] [get_cells  -filter { IS_PRIMITIVE==1 && PRIMITIVE_LEVEL !=INTERNAL && NAME!=music/recoder/uclk_wiz/inst/mmcm_adv_inst} -of_object [get_pins -filter {DIRECTION==IN} -of_objects [get_nets -hierarchical -filter {PARENT=="clk_BUFG"}]]]
resize_pblock [get_pblocks CLKAG_clk_BUFG] -add {CLOCKREGION_X0Y0:CLOCKREGION_X0Y0 CLOCKREGION_X0Y1:CLOCKREGION_X0Y1 CLOCKREGION_X0Y2:CLOCKREGION_X0Y2 CLOCKREGION_X1Y0:CLOCKREGION_X1Y0 CLOCKREGION_X1Y1:CLOCKREGION_X1Y1 CLOCKREGION_X1Y2:CLOCKREGION_X1Y2}
#endgroup

# Clock net "display/n_0_led_reg[4]_i_2" driven by instance "display/led_reg[4]_i_2" located at site "SLICE_X7Y34"
#startgroup
create_pblock CLKAG_display/n_0_led_reg[4]_i_2
add_cells_to_pblock [get_pblocks  CLKAG_display/n_0_led_reg[4]_i_2] [get_cells  -filter { IS_PRIMITIVE==1 && PRIMITIVE_LEVEL !=INTERNAL } -of_object [get_pins -filter {DIRECTION==IN} -of_objects [get_nets -hierarchical -filter {PARENT=="display/n_0_led_reg[4]_i_2"}]]]
resize_pblock [get_pblocks CLKAG_display/n_0_led_reg[4]_i_2] -add {CLOCKREGION_X0Y0:CLOCKREGION_X0Y0 CLOCKREGION_X0Y1:CLOCKREGION_X0Y1 CLOCKREGION_X0Y2:CLOCKREGION_X0Y2 CLOCKREGION_X1Y0:CLOCKREGION_X1Y0 CLOCKREGION_X1Y1:CLOCKREGION_X1Y1 CLOCKREGION_X1Y2:CLOCKREGION_X1Y2}
#endgroup

# Clock net "display/n_0_sel_reg[3]_i_2" driven by instance "display/sel_reg[3]_i_2" located at site "SLICE_X9Y35"
#startgroup
create_pblock CLKAG_display/n_0_sel_reg[3]_i_2
add_cells_to_pblock [get_pblocks  CLKAG_display/n_0_sel_reg[3]_i_2] [get_cells  -filter { IS_PRIMITIVE==1 && PRIMITIVE_LEVEL !=INTERNAL } -of_object [get_pins -filter {DIRECTION==IN} -of_objects [get_nets -hierarchical -filter {PARENT=="display/n_0_sel_reg[3]_i_2"}]]]
resize_pblock [get_pblocks CLKAG_display/n_0_sel_reg[3]_i_2] -add {CLOCKREGION_X0Y0:CLOCKREGION_X0Y0 CLOCKREGION_X0Y1:CLOCKREGION_X0Y1 CLOCKREGION_X0Y2:CLOCKREGION_X0Y2 CLOCKREGION_X1Y0:CLOCKREGION_X1Y0 CLOCKREGION_X1Y1:CLOCKREGION_X1Y1 CLOCKREGION_X1Y2:CLOCKREGION_X1Y2}
#endgroup

# Clock net "divfreq_1Hz/clk_1hz" driven by instance "divfreq_1Hz/clk_1hz_reg" located at site "SLICE_X2Y45"
#startgroup
create_pblock CLKAG_divfreq_1Hz/clk_1hz
add_cells_to_pblock [get_pblocks  CLKAG_divfreq_1Hz/clk_1hz] [get_cells  -filter { IS_PRIMITIVE==1 && PRIMITIVE_LEVEL !=INTERNAL } -of_object [get_pins -filter {DIRECTION==IN} -of_objects [get_nets -hierarchical -filter {PARENT=="divfreq_1Hz/clk_1hz"}]]]
resize_pblock [get_pblocks CLKAG_divfreq_1Hz/clk_1hz] -add {CLOCKREGION_X0Y0:CLOCKREGION_X0Y0 CLOCKREGION_X0Y1:CLOCKREGION_X0Y1 CLOCKREGION_X0Y2:CLOCKREGION_X0Y2 CLOCKREGION_X1Y0:CLOCKREGION_X1Y0 CLOCKREGION_X1Y1:CLOCKREGION_X1Y1 CLOCKREGION_X1Y2:CLOCKREGION_X1Y2}
#endgroup

# Clock net "music/recoder/uclk_wiz/inst/clk_out1" driven by instance "music/recoder/uclk_wiz/inst/clkout1_buf" located at site "BUFGCTRL_X0Y1"
#startgroup
create_pblock CLKAG_music/recoder/uclk_wiz/inst/clk_out1
add_cells_to_pblock [get_pblocks  CLKAG_music/recoder/uclk_wiz/inst/clk_out1] [get_cells  -filter { IS_PRIMITIVE==1 && PRIMITIVE_LEVEL !=INTERNAL } -of_object [get_pins -filter {DIRECTION==IN} -of_objects [get_nets -hierarchical -filter {PARENT=="music/recoder/uclk_wiz/inst/clk_out1"}]]]
resize_pblock [get_pblocks CLKAG_music/recoder/uclk_wiz/inst/clk_out1] -add {CLOCKREGION_X0Y0:CLOCKREGION_X0Y0 CLOCKREGION_X0Y1:CLOCKREGION_X0Y1 CLOCKREGION_X0Y2:CLOCKREGION_X0Y2 CLOCKREGION_X1Y0:CLOCKREGION_X1Y0 CLOCKREGION_X1Y1:CLOCKREGION_X1Y1 CLOCKREGION_X1Y2:CLOCKREGION_X1Y2}
#endgroup

# Clock net "music/recoder/uclk_wiz/inst/clk_out2" driven by instance "music/recoder/uclk_wiz/inst/clkout2_buf" located at site "BUFGCTRL_X0Y0"
#startgroup
create_pblock CLKAG_music/recoder/uclk_wiz/inst/clk_out2
add_cells_to_pblock [get_pblocks  CLKAG_music/recoder/uclk_wiz/inst/clk_out2] [get_cells  -filter { IS_PRIMITIVE==1 && PRIMITIVE_LEVEL !=INTERNAL && NAME!=AC_MCLK_OBUF_inst} -of_object [get_pins -filter {DIRECTION==IN} -of_objects [get_nets -hierarchical -filter {PARENT=="music/recoder/uclk_wiz/inst/clk_out2"}]]]
resize_pblock [get_pblocks CLKAG_music/recoder/uclk_wiz/inst/clk_out2] -add {CLOCKREGION_X0Y0:CLOCKREGION_X0Y0 CLOCKREGION_X0Y1:CLOCKREGION_X0Y1 CLOCKREGION_X0Y2:CLOCKREGION_X0Y2 CLOCKREGION_X1Y0:CLOCKREGION_X1Y0 CLOCKREGION_X1Y1:CLOCKREGION_X1Y1 CLOCKREGION_X1Y2:CLOCKREGION_X1Y2}
#endgroup

# Clock net "music/recoder/uclk_wiz/inst/clk_out3" driven by instance "music/recoder/uclk_wiz/inst/clkout3_buf" located at site "BUFGCTRL_X0Y2"
#startgroup
create_pblock CLKAG_music/recoder/uclk_wiz/inst/clk_out3
add_cells_to_pblock [get_pblocks  CLKAG_music/recoder/uclk_wiz/inst/clk_out3] [get_cells  -filter { IS_PRIMITIVE==1 && PRIMITIVE_LEVEL !=INTERNAL } -of_object [get_pins -filter {DIRECTION==IN} -of_objects [get_nets -hierarchical -filter {PARENT=="music/recoder/uclk_wiz/inst/clk_out3"}]]]
resize_pblock [get_pblocks CLKAG_music/recoder/uclk_wiz/inst/clk_out3] -add {CLOCKREGION_X0Y0:CLOCKREGION_X0Y0 CLOCKREGION_X0Y1:CLOCKREGION_X0Y1 CLOCKREGION_X0Y2:CLOCKREGION_X0Y2 CLOCKREGION_X1Y0:CLOCKREGION_X1Y0 CLOCKREGION_X1Y1:CLOCKREGION_X1Y1 CLOCKREGION_X1Y2:CLOCKREGION_X1Y2}
#endgroup

# Clock net "recoder/i2c_top_inst/audio_codec_inst/lrck_divider_reg[7]" driven by instance "AC_PBLRC_OBUF_inst_i_2" located at site "BUFGCTRL_X0Y3"
#startgroup
create_pblock CLKAG_recoder/i2c_top_inst/audio_codec_inst/lrck_divider_reg[7]
add_cells_to_pblock [get_pblocks  CLKAG_recoder/i2c_top_inst/audio_codec_inst/lrck_divider_reg[7]] [get_cells  -filter { IS_PRIMITIVE==1 && PRIMITIVE_LEVEL !=INTERNAL } -of_object [get_pins -filter {DIRECTION==IN} -of_objects [get_nets -hierarchical -filter {PARENT=="recoder/i2c_top_inst/audio_codec_inst/lrck_divider_reg[7]"}]]]
resize_pblock [get_pblocks CLKAG_recoder/i2c_top_inst/audio_codec_inst/lrck_divider_reg[7]] -add {CLOCKREGION_X0Y0:CLOCKREGION_X0Y0 CLOCKREGION_X0Y1:CLOCKREGION_X0Y1 CLOCKREGION_X0Y2:CLOCKREGION_X0Y2 CLOCKREGION_X1Y0:CLOCKREGION_X1Y0 CLOCKREGION_X1Y1:CLOCKREGION_X1Y1 CLOCKREGION_X1Y2:CLOCKREGION_X1Y2}
#endgroup
